INFO "GET /notifications/ HTTP/1.1" 200 73569
INFO "GET /static/js/notifications.js HTTP/1.1" 200 0
INFO "GET /inventory/equipment/ HTTP/1.1" 200 72022
INFO "GET /static/js/equipment.js HTTP/1.1" 200 0

All previous errors fixed:
- FIXED: /notifications/{% url "notifications:mark_all_read" %} 404 error
- FIXED: CSRF token 'X-Csrftoken' incorrect length (now using 'X-CSRFToken')
- FIXED: Notification filters now working (type, priority, read status)
- FIXED: Duplicate confirm delete modal removed
- FIXED: Template syntax errors (unclosed blocks)
- FIXED: views.py syntax errors (missing parentheses)

Commits:
- f0cfc54: Fix template errors - add load static and close content block
- 76dc88f: Fix JavaScript errors - move Django template tags out of external JS
- bac3e26: Fix notification system - filters, CSRF, views, and templates
- fd8f069: Fix CSRF token header case sensitivity
